I'm sorry, but errors were detected in your script. Please correct the
errors listed below, and try again.


File "game/intro1.rpy", line 286: end of line expected.
    centered "{b}{color=#ffffff}[[8:32 AM] INTERNATIONAL SPACE AERONAUTICS AND ASTRONOMY CENTER{/b}{/color}" color ffffff
                                                                                                             ^

Ren'Py Version: Ren'Py 8.0.2.22081402
Wed Nov 30 15:49:33 2022
